// Jest Snapshot v1, https://goo.gl/fbAQLP

exports[`components > custom > elements > ImageTextCard Check snapshot 1`] = `
<react-native-mock>
  <react-native-mock>
    <react-native-mock />
  </react-native-mock>
  <react-native-mock>
    <react-native-mock>
      <react-native-mock>
        <react-native-mock>
          <react-native-mock>
            heading
          </react-native-mock>
        </react-native-mock>
      </react-native-mock>
    </react-native-mock>
    <react-native-mock>
      <react-native-mock>
        <react-native-mock>
          <react-native-mock>
            <react-native-mock>
              description
            </react-native-mock>
          </react-native-mock>
        </react-native-mock>
      </react-native-mock>
    </react-native-mock>
  </react-native-mock>
</react-native-mock>
`;
