// Jest Snapshot v1, https://goo.gl/fbAQLP

exports[`components > custom > layoutManager > Table Check snapshot 1`] = `
<react-native-mock>
  <react-native-mock>
    <react-native-mock>
      <react-native-mock>
        <react-native-mock>
          <react-native-mock>
            <react-native-mock>
              <react-native-mock>
                <react-native-mock>
                  Column1
                </react-native-mock>
              </react-native-mock>
            </react-native-mock>
          </react-native-mock>
        </react-native-mock>
      </react-native-mock>
      <react-native-mock>
        <react-native-mock>
          <react-native-mock>
            <react-native-mock>
              <react-native-mock>
                <react-native-mock>
                  Column2
                </react-native-mock>
              </react-native-mock>
            </react-native-mock>
          </react-native-mock>
        </react-native-mock>
      </react-native-mock>
    </react-native-mock>
    <react-native-mock>
      <react-native-mock>
        <react-native-mock>
          <react-native-mock>
            <react-native-mock>
              <react-native-mock>
                <react-native-mock>
                  <react-native-mock>
                    Content
                  </react-native-mock>
                </react-native-mock>
              </react-native-mock>
            </react-native-mock>
            <react-native-mock>
              <react-native-mock>
                <react-native-mock />
                <react-native-mock>
                  <react-native-mock>
                    <react-native-mock>
                      <react-native-mock>
                        item
                      </react-native-mock>
                    </react-native-mock>
                  </react-native-mock>
                </react-native-mock>
              </react-native-mock>
              <react-native-mock>
                <react-native-mock />
                <react-native-mock>
                  <react-native-mock>
                    <react-native-mock>
                      <react-native-mock>
                        item
                      </react-native-mock>
                    </react-native-mock>
                  </react-native-mock>
                </react-native-mock>
              </react-native-mock>
              <react-native-mock>
                <react-native-mock />
                <react-native-mock>
                  <react-native-mock>
                    <react-native-mock>
                      <react-native-mock>
                        item
                      </react-native-mock>
                    </react-native-mock>
                  </react-native-mock>
                </react-native-mock>
              </react-native-mock>
            </react-native-mock>
          </react-native-mock>
        </react-native-mock>
      </react-native-mock>
      <react-native-mock>
        <react-native-mock>
          <react-native-mock>
            <react-native-mock>
              <react-native-mock>
                <react-native-mock>
                  <react-native-mock>
                    Content
                  </react-native-mock>
                </react-native-mock>
              </react-native-mock>
            </react-native-mock>
            <react-native-mock>
              <react-native-mock>
                <react-native-mock />
                <react-native-mock>
                  <react-native-mock>
                    <react-native-mock>
                      <react-native-mock>
                        item
                      </react-native-mock>
                    </react-native-mock>
                  </react-native-mock>
                </react-native-mock>
              </react-native-mock>
              <react-native-mock>
                <react-native-mock />
                <react-native-mock>
                  <react-native-mock>
                    <react-native-mock>
                      <react-native-mock>
                        item
                      </react-native-mock>
                    </react-native-mock>
                  </react-native-mock>
                </react-native-mock>
              </react-native-mock>
              <react-native-mock>
                <react-native-mock />
                <react-native-mock>
                  <react-native-mock>
                    <react-native-mock>
                      <react-native-mock>
                        item
                      </react-native-mock>
                    </react-native-mock>
                  </react-native-mock>
                </react-native-mock>
              </react-native-mock>
            </react-native-mock>
          </react-native-mock>
        </react-native-mock>
      </react-native-mock>
    </react-native-mock>
    <react-native-mock>
      <react-native-mock>
        <react-native-mock>
          <react-native-mock>
            <react-native-mock>
              <react-native-mock>
                <react-native-mock>
                  <react-native-mock>
                    Content
                  </react-native-mock>
                </react-native-mock>
              </react-native-mock>
            </react-native-mock>
            <react-native-mock>
              <react-native-mock>
                <react-native-mock />
                <react-native-mock>
                  <react-native-mock>
                    <react-native-mock>
                      <react-native-mock>
                        item
                      </react-native-mock>
                    </react-native-mock>
                  </react-native-mock>
                </react-native-mock>
              </react-native-mock>
              <react-native-mock>
                <react-native-mock />
                <react-native-mock>
                  <react-native-mock>
                    <react-native-mock>
                      <react-native-mock>
                        item
                      </react-native-mock>
                    </react-native-mock>
                  </react-native-mock>
                </react-native-mock>
              </react-native-mock>
              <react-native-mock>
                <react-native-mock />
                <react-native-mock>
                  <react-native-mock>
                    <react-native-mock>
                      <react-native-mock>
                        item
                      </react-native-mock>
                    </react-native-mock>
                  </react-native-mock>
                </react-native-mock>
              </react-native-mock>
            </react-native-mock>
          </react-native-mock>
        </react-native-mock>
      </react-native-mock>
      <react-native-mock>
        <react-native-mock>
          <react-native-mock>
            <react-native-mock>
              <react-native-mock>
                <react-native-mock>
                  <react-native-mock>
                    Content
                  </react-native-mock>
                </react-native-mock>
              </react-native-mock>
            </react-native-mock>
            <react-native-mock>
              <react-native-mock>
                <react-native-mock />
                <react-native-mock>
                  <react-native-mock>
                    <react-native-mock>
                      <react-native-mock>
                        item
                      </react-native-mock>
                    </react-native-mock>
                  </react-native-mock>
                </react-native-mock>
              </react-native-mock>
              <react-native-mock>
                <react-native-mock />
                <react-native-mock>
                  <react-native-mock>
                    <react-native-mock>
                      <react-native-mock>
                        item
                      </react-native-mock>
                    </react-native-mock>
                  </react-native-mock>
                </react-native-mock>
              </react-native-mock>
              <react-native-mock>
                <react-native-mock />
                <react-native-mock>
                  <react-native-mock>
                    <react-native-mock>
                      <react-native-mock>
                        item
                      </react-native-mock>
                    </react-native-mock>
                  </react-native-mock>
                </react-native-mock>
              </react-native-mock>
            </react-native-mock>
          </react-native-mock>
        </react-native-mock>
      </react-native-mock>
    </react-native-mock>
    <react-native-mock>
      <react-native-mock>
        <react-native-mock>
          <react-native-mock>
            <react-native-mock>
              <react-native-mock>
                <react-native-mock>
                  <react-native-mock>
                    Content
                  </react-native-mock>
                </react-native-mock>
              </react-native-mock>
            </react-native-mock>
            <react-native-mock>
              <react-native-mock>
                <react-native-mock />
                <react-native-mock>
                  <react-native-mock>
                    <react-native-mock>
                      <react-native-mock>
                        item
                      </react-native-mock>
                    </react-native-mock>
                  </react-native-mock>
                </react-native-mock>
              </react-native-mock>
              <react-native-mock>
                <react-native-mock />
                <react-native-mock>
                  <react-native-mock>
                    <react-native-mock>
                      <react-native-mock>
                        item
                      </react-native-mock>
                    </react-native-mock>
                  </react-native-mock>
                </react-native-mock>
              </react-native-mock>
              <react-native-mock>
                <react-native-mock />
                <react-native-mock>
                  <react-native-mock>
                    <react-native-mock>
                      <react-native-mock>
                        item
                      </react-native-mock>
                    </react-native-mock>
                  </react-native-mock>
                </react-native-mock>
              </react-native-mock>
            </react-native-mock>
          </react-native-mock>
        </react-native-mock>
      </react-native-mock>
      <react-native-mock>
        <react-native-mock>
          <react-native-mock>
            <react-native-mock>
              <react-native-mock>
                <react-native-mock>
                  <react-native-mock>
                    Content
                  </react-native-mock>
                </react-native-mock>
              </react-native-mock>
            </react-native-mock>
            <react-native-mock>
              <react-native-mock>
                <react-native-mock />
                <react-native-mock>
                  <react-native-mock>
                    <react-native-mock>
                      <react-native-mock>
                        item
                      </react-native-mock>
                    </react-native-mock>
                  </react-native-mock>
                </react-native-mock>
              </react-native-mock>
              <react-native-mock>
                <react-native-mock />
                <react-native-mock>
                  <react-native-mock>
                    <react-native-mock>
                      <react-native-mock>
                        item
                      </react-native-mock>
                    </react-native-mock>
                  </react-native-mock>
                </react-native-mock>
              </react-native-mock>
              <react-native-mock>
                <react-native-mock />
                <react-native-mock>
                  <react-native-mock>
                    <react-native-mock>
                      <react-native-mock>
                        item
                      </react-native-mock>
                    </react-native-mock>
                  </react-native-mock>
                </react-native-mock>
              </react-native-mock>
            </react-native-mock>
          </react-native-mock>
        </react-native-mock>
      </react-native-mock>
    </react-native-mock>
  </react-native-mock>
  <react-native-mock>
    <react-native-mock>
      <react-native-mock>
        <react-native-mock>
          <react-native-mock>
            <react-native-mock>
              
            </react-native-mock>
          </react-native-mock>
        </react-native-mock>
      </react-native-mock>
      <react-native-mock>
        <react-native-mock>
          <react-native-mock>
            <react-native-mock>
              <react-native-mock>
                <react-native-mock>
                  <react-native-mock>
                    <react-native-mock>
                      <react-native-mock>
                        Column1
                      </react-native-mock>
                    </react-native-mock>
                  </react-native-mock>
                </react-native-mock>
                <react-native-mock>
                  <react-native-mock>
                    <react-native-mock>
                      <react-native-mock>
                        Column2
                      </react-native-mock>
                    </react-native-mock>
                  </react-native-mock>
                </react-native-mock>
              </react-native-mock>
              <react-native-mock>
                <react-native-mock>
                  <react-native-mock>
                    <react-native-mock>
                      <react-native-mock>
                        <react-native-mock>
                          <react-native-mock>
                            Content
                          </react-native-mock>
                        </react-native-mock>
                      </react-native-mock>
                    </react-native-mock>
                  </react-native-mock>
                  <react-native-mock>
                    <react-native-mock>
                      <react-native-mock />
                      <react-native-mock>
                        <react-native-mock>
                          <react-native-mock>
                            <react-native-mock>
                              item
                            </react-native-mock>
                          </react-native-mock>
                        </react-native-mock>
                      </react-native-mock>
                    </react-native-mock>
                    <react-native-mock>
                      <react-native-mock />
                      <react-native-mock>
                        <react-native-mock>
                          <react-native-mock>
                            <react-native-mock>
                              item
                            </react-native-mock>
                          </react-native-mock>
                        </react-native-mock>
                      </react-native-mock>
                    </react-native-mock>
                    <react-native-mock>
                      <react-native-mock />
                      <react-native-mock>
                        <react-native-mock>
                          <react-native-mock>
                            <react-native-mock>
                              item
                            </react-native-mock>
                          </react-native-mock>
                        </react-native-mock>
                      </react-native-mock>
                    </react-native-mock>
                  </react-native-mock>
                </react-native-mock>
                <react-native-mock>
                  <react-native-mock>
                    <react-native-mock>
                      <react-native-mock>
                        <react-native-mock>
                          <react-native-mock>
                            Content
                          </react-native-mock>
                        </react-native-mock>
                      </react-native-mock>
                    </react-native-mock>
                  </react-native-mock>
                  <react-native-mock>
                    <react-native-mock>
                      <react-native-mock />
                      <react-native-mock>
                        <react-native-mock>
                          <react-native-mock>
                            <react-native-mock>
                              item
                            </react-native-mock>
                          </react-native-mock>
                        </react-native-mock>
                      </react-native-mock>
                    </react-native-mock>
                    <react-native-mock>
                      <react-native-mock />
                      <react-native-mock>
                        <react-native-mock>
                          <react-native-mock>
                            <react-native-mock>
                              item
                            </react-native-mock>
                          </react-native-mock>
                        </react-native-mock>
                      </react-native-mock>
                    </react-native-mock>
                    <react-native-mock>
                      <react-native-mock />
                      <react-native-mock>
                        <react-native-mock>
                          <react-native-mock>
                            <react-native-mock>
                              item
                            </react-native-mock>
                          </react-native-mock>
                        </react-native-mock>
                      </react-native-mock>
                    </react-native-mock>
                  </react-native-mock>
                </react-native-mock>
              </react-native-mock>
              <react-native-mock>
                <react-native-mock>
                  <react-native-mock>
                    <react-native-mock>
                      <react-native-mock>
                        <react-native-mock>
                          <react-native-mock>
                            Content
                          </react-native-mock>
                        </react-native-mock>
                      </react-native-mock>
                    </react-native-mock>
                  </react-native-mock>
                  <react-native-mock>
                    <react-native-mock>
                      <react-native-mock />
                      <react-native-mock>
                        <react-native-mock>
                          <react-native-mock>
                            <react-native-mock>
                              item
                            </react-native-mock>
                          </react-native-mock>
                        </react-native-mock>
                      </react-native-mock>
                    </react-native-mock>
                    <react-native-mock>
                      <react-native-mock />
                      <react-native-mock>
                        <react-native-mock>
                          <react-native-mock>
                            <react-native-mock>
                              item
                            </react-native-mock>
                          </react-native-mock>
                        </react-native-mock>
                      </react-native-mock>
                    </react-native-mock>
                    <react-native-mock>
                      <react-native-mock />
                      <react-native-mock>
                        <react-native-mock>
                          <react-native-mock>
                            <react-native-mock>
                              item
                            </react-native-mock>
                          </react-native-mock>
                        </react-native-mock>
                      </react-native-mock>
                    </react-native-mock>
                  </react-native-mock>
                </react-native-mock>
                <react-native-mock>
                  <react-native-mock>
                    <react-native-mock>
                      <react-native-mock>
                        <react-native-mock>
                          <react-native-mock>
                            Content
                          </react-native-mock>
                        </react-native-mock>
                      </react-native-mock>
                    </react-native-mock>
                  </react-native-mock>
                  <react-native-mock>
                    <react-native-mock>
                      <react-native-mock />
                      <react-native-mock>
                        <react-native-mock>
                          <react-native-mock>
                            <react-native-mock>
                              item
                            </react-native-mock>
                          </react-native-mock>
                        </react-native-mock>
                      </react-native-mock>
                    </react-native-mock>
                    <react-native-mock>
                      <react-native-mock />
                      <react-native-mock>
                        <react-native-mock>
                          <react-native-mock>
                            <react-native-mock>
                              item
                            </react-native-mock>
                          </react-native-mock>
                        </react-native-mock>
                      </react-native-mock>
                    </react-native-mock>
                    <react-native-mock>
                      <react-native-mock />
                      <react-native-mock>
                        <react-native-mock>
                          <react-native-mock>
                            <react-native-mock>
                              item
                            </react-native-mock>
                          </react-native-mock>
                        </react-native-mock>
                      </react-native-mock>
                    </react-native-mock>
                  </react-native-mock>
                </react-native-mock>
              </react-native-mock>
              <react-native-mock>
                <react-native-mock>
                  <react-native-mock>
                    <react-native-mock>
                      <react-native-mock>
                        <react-native-mock>
                          <react-native-mock>
                            Content
                          </react-native-mock>
                        </react-native-mock>
                      </react-native-mock>
                    </react-native-mock>
                  </react-native-mock>
                  <react-native-mock>
                    <react-native-mock>
                      <react-native-mock />
                      <react-native-mock>
                        <react-native-mock>
                          <react-native-mock>
                            <react-native-mock>
                              item
                            </react-native-mock>
                          </react-native-mock>
                        </react-native-mock>
                      </react-native-mock>
                    </react-native-mock>
                    <react-native-mock>
                      <react-native-mock />
                      <react-native-mock>
                        <react-native-mock>
                          <react-native-mock>
                            <react-native-mock>
                              item
                            </react-native-mock>
                          </react-native-mock>
                        </react-native-mock>
                      </react-native-mock>
                    </react-native-mock>
                    <react-native-mock>
                      <react-native-mock />
                      <react-native-mock>
                        <react-native-mock>
                          <react-native-mock>
                            <react-native-mock>
                              item
                            </react-native-mock>
                          </react-native-mock>
                        </react-native-mock>
                      </react-native-mock>
                    </react-native-mock>
                  </react-native-mock>
                </react-native-mock>
                <react-native-mock>
                  <react-native-mock>
                    <react-native-mock>
                      <react-native-mock>
                        <react-native-mock>
                          <react-native-mock>
                            Content
                          </react-native-mock>
                        </react-native-mock>
                      </react-native-mock>
                    </react-native-mock>
                  </react-native-mock>
                  <react-native-mock>
                    <react-native-mock>
                      <react-native-mock />
                      <react-native-mock>
                        <react-native-mock>
                          <react-native-mock>
                            <react-native-mock>
                              item
                            </react-native-mock>
                          </react-native-mock>
                        </react-native-mock>
                      </react-native-mock>
                    </react-native-mock>
                    <react-native-mock>
                      <react-native-mock />
                      <react-native-mock>
                        <react-native-mock>
                          <react-native-mock>
                            <react-native-mock>
                              item
                            </react-native-mock>
                          </react-native-mock>
                        </react-native-mock>
                      </react-native-mock>
                    </react-native-mock>
                    <react-native-mock>
                      <react-native-mock />
                      <react-native-mock>
                        <react-native-mock>
                          <react-native-mock>
                            <react-native-mock>
                              item
                            </react-native-mock>
                          </react-native-mock>
                        </react-native-mock>
                      </react-native-mock>
                    </react-native-mock>
                  </react-native-mock>
                </react-native-mock>
              </react-native-mock>
            </react-native-mock>
          </react-native-mock>
        </react-native-mock>
      </react-native-mock>
    </react-native-mock>
  </react-native-mock>
</react-native-mock>
`;
